reward -1.0 punish -1.0 odor    15 Hz -> approach  126.2 avoid   23.2 valence +0.68 (8130 active)
reward -1.0 punish -1.0 odor    40 Hz -> approach  126.9 avoid   24.0 valence +0.68 (8168 active)
reward -1.0 punish -1.0 odor    80 Hz -> approach  127.8 avoid   24.5 valence +0.67 (8180 active)
reward -1.0 punish -1.0 odor   130 Hz -> approach  130.2 avoid   24.8 valence +0.68 (8247 active)
reward -1.0 punish -0.5 odor    15 Hz -> approach  126.2 avoid   23.2 valence +0.68 (8130 active)
reward -1.0 punish -0.5 odor    40 Hz -> approach  126.9 avoid   24.0 valence +0.68 (8168 active)
reward -1.0 punish -0.5 odor    80 Hz -> approach  127.8 avoid   24.5 valence +0.67 (8180 active)
reward -1.0 punish -0.5 odor   130 Hz -> approach  130.2 avoid   24.8 valence +0.68 (8247 active)
reward -1.0 punish +0.0 odor    15 Hz -> approach   28.1 avoid   25.1 valence +0.05 (7913 active)
reward -1.0 punish +0.0 odor    40 Hz -> approach   28.2 avoid   26.1 valence +0.04 (7925 active)
reward -1.0 punish +0.0 odor    80 Hz -> approach   28.1 avoid   26.5 valence +0.03 (7955 active)
reward -1.0 punish +0.0 odor   130 Hz -> approach   28.3 avoid   26.2 valence +0.04 (7998 active)
reward -1.0 punish +0.5 odor    15 Hz -> approach   28.1 avoid   26.5 valence +0.03 (7865 active)
reward -1.0 punish +0.5 odor    40 Hz -> approach   28.1 avoid   26.3 valence +0.03 (7886 active)
reward -1.0 punish +0.5 odor    80 Hz -> approach   28.4 avoid   26.6 valence +0.03 (7909 active)
reward -1.0 punish +0.5 odor   130 Hz -> approach   28.1 avoid   27.2 valence +0.02 (7987 active)
reward -1.0 punish +1.0 odor    15 Hz -> approach   27.6 avoid   26.3 valence +0.02 (7864 active)
reward -1.0 punish +1.0 odor    40 Hz -> approach   27.6 avoid   26.8 valence +0.01 (7853 active)
reward -1.0 punish +1.0 odor    80 Hz -> approach   27.9 avoid   26.7 valence +0.02 (7914 active)
reward -1.0 punish +1.0 odor   130 Hz -> approach   28.2 avoid   26.5 valence +0.03 (8003 active)
reward -0.5 punish -1.0 odor    15 Hz -> approach  126.2 avoid   23.2 valence +0.68 (8130 active)
reward -0.5 punish -1.0 odor    40 Hz -> approach  126.9 avoid   24.0 valence +0.68 (8168 active)
reward -0.5 punish -1.0 odor    80 Hz -> approach  127.8 avoid   24.5 valence +0.67 (8180 active)
reward -0.5 punish -1.0 odor   130 Hz -> approach  130.2 avoid   24.8 valence +0.68 (8247 active)
reward -0.5 punish -0.5 odor    15 Hz -> approach  126.2 avoid   23.2 valence +0.68 (8130 active)
reward -0.5 punish -0.5 odor    40 Hz -> approach  126.9 avoid   24.0 valence +0.68 (8168 active)
reward -0.5 punish -0.5 odor    80 Hz -> approach  127.8 avoid   24.5 valence +0.67 (8180 active)
reward -0.5 punish -0.5 odor   130 Hz -> approach  130.2 avoid   24.8 valence +0.68 (8247 active)
reward -0.5 punish +0.0 odor    15 Hz -> approach   28.1 avoid   25.1 valence +0.05 (7913 active)
reward -0.5 punish +0.0 odor    40 Hz -> approach   28.2 avoid   26.1 valence +0.04 (7925 active)
reward -0.5 punish +0.0 odor    80 Hz -> approach   28.1 avoid   26.5 valence +0.03 (7955 active)
reward -0.5 punish +0.0 odor   130 Hz -> approach   28.3 avoid   26.2 valence +0.04 (7998 active)
reward -0.5 punish +0.5 odor    15 Hz -> approach   28.1 avoid   26.5 valence +0.03 (7865 active)
reward -0.5 punish +0.5 odor    40 Hz -> approach   28.1 avoid   26.3 valence +0.03 (7886 active)
reward -0.5 punish +0.5 odor    80 Hz -> approach   28.4 avoid   26.6 valence +0.03 (7909 active)
reward -0.5 punish +0.5 odor   130 Hz -> approach   28.1 avoid   27.2 valence +0.02 (7987 active)
reward -0.5 punish +1.0 odor    15 Hz -> approach   27.6 avoid   26.3 valence +0.02 (7864 active)
reward -0.5 punish +1.0 odor    40 Hz -> approach   27.6 avoid   26.8 valence +0.01 (7853 active)
reward -0.5 punish +1.0 odor    80 Hz -> approach   27.9 avoid   26.7 valence +0.02 (7914 active)
reward -0.5 punish +1.0 odor   130 Hz -> approach   28.2 avoid   26.5 valence +0.03 (8003 active)
reward +0.0 punish -1.0 odor    15 Hz -> approach  130.3 avoid   13.2 valence +0.81 (8248 active)
reward +0.0 punish -1.0 odor    40 Hz -> approach  131.3 avoid   13.0 valence +0.81 (8316 active)
reward +0.0 punish -1.0 odor    80 Hz -> approach  131.7 avoid   13.3 valence +0.81 (8350 active)
reward +0.0 punish -1.0 odor   130 Hz -> approach  131.9 avoid   12.8 valence +0.82 (8404 active)
reward +0.0 punish -0.5 odor    15 Hz -> approach  130.3 avoid   13.2 valence +0.81 (8248 active)
reward +0.0 punish -0.5 odor    40 Hz -> approach  131.3 avoid   13.0 valence +0.81 (8316 active)
reward +0.0 punish -0.5 odor    80 Hz -> approach  131.7 avoid   13.3 valence +0.81 (8350 active)
reward +0.0 punish -0.5 odor   130 Hz -> approach  131.9 avoid   12.8 valence +0.82 (8404 active)
reward +0.0 punish +0.0 odor    15 Hz -> approach   29.9 avoid   13.5 valence +0.37 (7997 active)
reward +0.0 punish +0.0 odor    40 Hz -> approach   30.2 avoid   13.1 valence +0.39 (8021 active)
reward +0.0 punish +0.0 odor    80 Hz -> approach   30.1 avoid   13.6 valence +0.37 (8049 active)
reward +0.0 punish +0.0 odor   130 Hz -> approach   30.4 avoid   13.2 valence +0.39 (8081 active)
reward +0.0 punish +0.5 odor    15 Hz -> approach   29.1 avoid   13.9 valence +0.34 (7962 active)
reward +0.0 punish +0.5 odor    40 Hz -> approach   29.2 avoid   13.5 valence +0.36 (7986 active)
reward +0.0 punish +0.5 odor    80 Hz -> approach   29.4 avoid   13.6 valence +0.36 (8007 active)
reward +0.0 punish +0.5 odor   130 Hz -> approach   29.9 avoid   13.4 valence +0.37 (8075 active)
reward +0.0 punish +1.0 odor    15 Hz -> approach   29.1 avoid   13.6 valence +0.36 (7933 active)
reward +0.0 punish +1.0 odor    40 Hz -> approach   29.1 avoid   13.4 valence +0.36 (7982 active)
reward +0.0 punish +1.0 odor    80 Hz -> approach   29.2 avoid   13.5 valence +0.36 (8007 active)
reward +0.0 punish +1.0 odor   130 Hz -> approach   29.5 avoid   13.7 valence +0.36 (8060 active)
reward +0.5 punish -1.0 odor    15 Hz -> approach  125.8 avoid    0.0 valence +0.99 (8488 active)
reward +0.5 punish -1.0 odor    40 Hz -> approach  126.0 avoid    0.0 valence +0.99 (8531 active)
reward +0.5 punish -1.0 odor    80 Hz -> approach  127.1 avoid    0.0 valence +0.99 (8578 active)
reward +0.5 punish -1.0 odor   130 Hz -> approach  128.1 avoid    0.0 valence +0.99 (8607 active)
reward +0.5 punish -0.5 odor    15 Hz -> approach  125.8 avoid    0.0 valence +0.99 (8488 active)
reward +0.5 punish -0.5 odor    40 Hz -> approach  126.0 avoid    0.0 valence +0.99 (8531 active)
reward +0.5 punish -0.5 odor    80 Hz -> approach  127.1 avoid    0.0 valence +0.99 (8578 active)
reward +0.5 punish -0.5 odor   130 Hz -> approach  128.1 avoid    0.0 valence +0.99 (8607 active)
reward +0.5 punish +0.0 odor    15 Hz -> approach   27.4 avoid    0.0 valence +0.96 (8154 active)
reward +0.5 punish +0.0 odor    40 Hz -> approach   27.6 avoid    0.0 valence +0.97 (8198 active)
reward +0.5 punish +0.0 odor    80 Hz -> approach   27.8 avoid    0.0 valence +0.97 (8229 active)
reward +0.5 punish +0.0 odor   130 Hz -> approach   27.1 avoid    0.0 valence +0.96 (8291 active)
reward +0.5 punish +0.5 odor    15 Hz -> approach   27.4 avoid    0.0 valence +0.96 (8150 active)
reward +0.5 punish +0.5 odor    40 Hz -> approach   26.8 avoid    0.0 valence +0.96 (8178 active)
reward +0.5 punish +0.5 odor    80 Hz -> approach   26.2 avoid    0.0 valence +0.96 (8225 active)
reward +0.5 punish +0.5 odor   130 Hz -> approach   26.6 avoid    0.0 valence +0.96 (8255 active)
reward +0.5 punish +1.0 odor    15 Hz -> approach   26.4 avoid    0.0 valence +0.96 (8134 active)
reward +0.5 punish +1.0 odor    40 Hz -> approach   26.1 avoid    0.0 valence +0.96 (8184 active)
reward +0.5 punish +1.0 odor    80 Hz -> approach   25.8 avoid    0.0 valence +0.96 (8226 active)
reward +0.5 punish +1.0 odor   130 Hz -> approach   26.8 avoid    0.0 valence +0.96 (8268 active)
reward +1.0 punish -1.0 odor    15 Hz -> approach  124.8 avoid    0.0 valence +0.99 (8493 active)
reward +1.0 punish -1.0 odor    40 Hz -> approach  125.8 avoid    0.0 valence +0.99 (8566 active)
reward +1.0 punish -1.0 odor    80 Hz -> approach  127.3 avoid    0.0 valence +0.99 (8587 active)
reward +1.0 punish -1.0 odor   130 Hz -> approach  127.5 avoid    0.0 valence +0.99 (8594 active)
reward +1.0 punish -0.5 odor    15 Hz -> approach  124.8 avoid    0.0 valence +0.99 (8493 active)
reward +1.0 punish -0.5 odor    40 Hz -> approach  125.8 avoid    0.0 valence +0.99 (8566 active)
reward +1.0 punish -0.5 odor    80 Hz -> approach  127.3 avoid    0.0 valence +0.99 (8587 active)
reward +1.0 punish -0.5 odor   130 Hz -> approach  127.5 avoid    0.0 valence +0.99 (8594 active)
reward +1.0 punish +0.0 odor    15 Hz -> approach   27.2 avoid    0.0 valence +0.96 (8204 active)
reward +1.0 punish +0.0 odor    40 Hz -> approach   27.2 avoid    0.0 valence +0.96 (8236 active)
reward +1.0 punish +0.0 odor    80 Hz -> approach   27.7 avoid    0.0 valence +0.97 (8286 active)
reward +1.0 punish +0.0 odor   130 Hz -> approach   26.8 avoid    0.0 valence +0.96 (8282 active)
reward +1.0 punish +0.5 odor    15 Hz -> approach   26.8 avoid    0.0 valence +0.96 (8169 active)
reward +1.0 punish +0.5 odor    40 Hz -> approach   26.8 avoid    0.0 valence +0.96 (8230 active)
reward +1.0 punish +0.5 odor    80 Hz -> approach   26.7 avoid    0.0 valence +0.96 (8235 active)
reward +1.0 punish +0.5 odor   130 Hz -> approach   26.6 avoid    0.0 valence +0.96 (8286 active)
reward +1.0 punish +1.0 odor    15 Hz -> approach   27.1 avoid    0.0 valence +0.96 (8160 active)
reward +1.0 punish +1.0 odor    40 Hz -> approach   26.8 avoid    0.0 valence +0.96 (8207 active)
reward +1.0 punish +1.0 odor    80 Hz -> approach   26.1 avoid    0.0 valence +0.96 (8211 active)
reward +1.0 punish +1.0 odor   130 Hz -> approach   26.2 avoid    0.0 valence +0.96 (8282 active)
wrote C:\Users\david\Desktop\Firebird-chanj\embodied\sandbox\assets\valence.json
